// Vitest Snapshot v1, https://vitest.dev/guide/snapshot.html

exports[`La page Catalogue > r√©pond avec le contenu HTML du catalogue 1`] = `
"<html lang="fr">
  <head>
    <meta charset="UTF-8" />
    <meta name="viewport" content="width=device-width, initial-scale=1" />
    <title>Catalogue</title>
  </head>
  <body>
    <h1>Bienvenue dans le catalogue</h1>
  </body>
</html>
"
`;
